exports[`test renders without crashing 1`] = `
<Paper
  circle={false}
  className="App-header"
  id={undefined}
  rounded={true}
  style={
    Object {
      "backgroundColor": "#212121",
      "boxSizing": "content-box",
      "position": "relative",
      "zIndex": 5,
    }
  }
  transitionEnabled={true}
  zDepth={5}>
  <img
    alt="logo"
    className="App-logo"
    src="test-file-stub" />
  <h2>
    Halo File Management
  </h2>
  <FloatingActionButton
    disabled={false}
    mini={false}
    onClick={[Function]}
    secondary={false}
    style={
      Object {
        "position": "absolute",
        "right": "50px",
        "top": "165px",
      }
    }
    zDepth={4}>
    <ContentAdd />
  </FloatingActionButton>
</Paper>
`;
